<p>C:/Users/Suresh Loni/AppData/Local/Temp/OpenModelica/OMEdit/NonInteractingTanks.TwoConnectedTanks/TwoConnectedTanks.exe -port=51134 -logFormat=xmltcp -startTime=0 -stopTime=1 -stepSize=0.002 -tolerance=1e-06 -s=dassl -outputFormat=mat -variableFilter=.* -r=C:/Users/Suresh Loni/AppData/Local/Temp/OpenModelica/OMEdit/NonInteractingTanks.TwoConnectedTanks/TwoConnectedTanks_res.mat -w -lv=LOG_STDOUT,LOG_ASSERT,LOG_STATS -inputPath=C:/Users/Suresh Loni/AppData/Local/Temp/OpenModelica/OMEdit/NonInteractingTanks.TwoConnectedTanks -outputPath=C:/Users/Suresh Loni/AppData/Local/Temp/OpenModelica/OMEdit/NonInteractingTanks.TwoConnectedTanks</p>
LOG_SUCCESS		| info	 | <p>The initialization finished successfully without homotopy method.</p>
LOG_STATS		| info	 | <p>### STATISTICS ###</p>
|		| |	 | | <p>timer</p>
|		| |	 | | | <p>    0.000766s          reading init.xml</p>
|		| |	 | | | <p>   0.0008949s          reading info.xml</p>
|		| |	 | | | <p>   0.0026109s [ 14.1%] pre-initialization</p>
|		| |	 | | | <p>   0.0001353s [  0.7%] initialization</p>
|		| |	 | | | <p>    1.96e-05s [  0.1%] steps</p>
|		| |	 | | | <p>    0.000239s [  1.3%] solver (excl. callbacks)</p>
|		| |	 | | | <p>   0.0028572s [ 15.4%] creating output-file</p>
|		| |	 | | | <p>   0.0002017s [  1.1%] event-handling</p>
|		| |	 | | | <p>    0.000205s [  1.1%] overhead</p>
|		| |	 | | | <p>   0.0122779s [ 66.2%] simulation</p>
|		| |	 | | | <p>   0.0185466s [100.0%] total</p>
|		| |	 | | <p>events</p>
|		| |	 | | | <p>    0 state events</p>
|		| |	 | | | <p>    0 time events</p>
|		| |	 | | <p>solver: dassl</p>
|		| |	 | | | <p>   22 steps taken</p>
|		| |	 | | | <p>   22 calls of functionODE</p>
|		| |	 | | | <p>   21 evaluations of jacobian</p>
|		| |	 | | | <p>    0 error test failures</p>
|		| |	 | | | <p>    0 convergence test failures</p>
|		| |	 | | | <p>7.1e-06s time of jacobian evaluation</p>
LOG_SUCCESS		| info	 | <p>The simulation finished successfully.</p>
